../../TouchGFX/gui/include/gui/screen1_screen/Screen1Presenter.hpp:28:13:Screen1Presenter::~Screen1Presenter()	0	static
C:/TouchGFXProjects/MyApplication_9/TouchGFX/gui/src/screen1_screen/Screen1Presenter.cpp:15:6:virtual void Screen1Presenter::deactivate()	0	static
../../TouchGFX/gui/include/gui/screen1_screen/Screen1Presenter.hpp:28:13:virtual Screen1Presenter::~Screen1Presenter()	8	static
C:/TouchGFXProjects/MyApplication_9/TouchGFX/gui/src/screen1_screen/Screen1Presenter.cpp:10:6:virtual void Screen1Presenter::activate()	0	static
C:/TouchGFXProjects/MyApplication_9/TouchGFX/gui/src/screen1_screen/Screen1Presenter.cpp:20:6:virtual void Screen1Presenter::selectMeni1()	0	static
C:/TouchGFXProjects/MyApplication_9/TouchGFX/gui/src/screen1_screen/Screen1Presenter.cpp:24:6:virtual void Screen1Presenter::selectMeni2()	0	static
C:/TouchGFXProjects/MyApplication_9/TouchGFX/gui/src/screen1_screen/Screen1Presenter.cpp:28:6:virtual void Screen1Presenter::selectMeni3()	0	static
C:/TouchGFXProjects/MyApplication_9/TouchGFX/gui/src/screen1_screen/Screen1Presenter.cpp:32:6:virtual void Screen1Presenter::selectMeni4()	0	static
C:/TouchGFXProjects/MyApplication_9/TouchGFX/gui/src/screen1_screen/Screen1Presenter.cpp:36:6:virtual void Screen1Presenter::selectMeni5()	0	static
C:/TouchGFXProjects/MyApplication_9/TouchGFX/gui/src/screen1_screen/Screen1Presenter.cpp:41:6:virtual void Screen1Presenter::changeScreen(uint8_t)	8	static
../../TouchGFX/gui/include/gui/screen1_screen/Screen1Presenter.hpp:28:13:virtual void* Screen1Presenter::_ZThn4_N16Screen1PresenterD1Ev()	0	static
C:/TouchGFXProjects/MyApplication_9/TouchGFX/gui/src/screen1_screen/Screen1Presenter.cpp:4:1:Screen1Presenter::Screen1Presenter(Screen1View&)	8	static
