../../TouchGFX/gui/include/gui/model/ModelListener.hpp:18:18:virtual void ModelListener::selectMeni1()	0	static
../../TouchGFX/gui/include/gui/model/ModelListener.hpp:19:18:virtual void ModelListener::selectMeni2()	0	static
../../TouchGFX/gui/include/gui/model/ModelListener.hpp:20:18:virtual void ModelListener::selectMeni3()	0	static
../../TouchGFX/gui/include/gui/model/ModelListener.hpp:21:18:virtual void ModelListener::selectMeni4()	0	static
../../TouchGFX/gui/include/gui/model/ModelListener.hpp:22:18:virtual void ModelListener::selectMeni5()	0	static
../../TouchGFX/gui/include/gui/screen4_screen/Screen4Presenter.hpp:28:13:Screen4Presenter::~Screen4Presenter()	0	static
C:/TouchGFXProjects/MyApplication_9/TouchGFX/gui/src/screen4_screen/Screen4Presenter.cpp:15:6:virtual void Screen4Presenter::deactivate()	0	static
../../TouchGFX/gui/include/gui/screen4_screen/Screen4Presenter.hpp:28:13:virtual Screen4Presenter::~Screen4Presenter()	8	static
C:/TouchGFXProjects/MyApplication_9/TouchGFX/gui/src/screen4_screen/Screen4Presenter.cpp:10:6:virtual void Screen4Presenter::activate()	0	static
C:/TouchGFXProjects/MyApplication_9/TouchGFX/gui/src/screen4_screen/Screen4Presenter.cpp:20:6:virtual void Screen4Presenter::changeScreen(uint8_t)	8	static
../../TouchGFX/gui/include/gui/screen4_screen/Screen4Presenter.hpp:28:13:virtual void* Screen4Presenter::_ZThn4_N16Screen4PresenterD1Ev()	0	static
C:/TouchGFXProjects/MyApplication_9/TouchGFX/gui/src/screen4_screen/Screen4Presenter.cpp:4:1:Screen4Presenter::Screen4Presenter(Screen4View&)	8	static
