../../TouchGFX/gui/include/gui/model/ModelListener.hpp:18:18:virtual void ModelListener::selectMeni1()	0	static
../../TouchGFX/gui/include/gui/model/ModelListener.hpp:19:18:virtual void ModelListener::selectMeni2()	0	static
../../TouchGFX/gui/include/gui/model/ModelListener.hpp:20:18:virtual void ModelListener::selectMeni3()	0	static
../../TouchGFX/gui/include/gui/model/ModelListener.hpp:21:18:virtual void ModelListener::selectMeni4()	0	static
../../TouchGFX/gui/include/gui/model/ModelListener.hpp:22:18:virtual void ModelListener::selectMeni5()	0	static
../../TouchGFX/gui/include/gui/screen6_screen/Screen6Presenter.hpp:28:13:Screen6Presenter::~Screen6Presenter()	0	static
C:/TouchGFXProjects/MyApplication_9/TouchGFX/gui/src/screen6_screen/Screen6Presenter.cpp:15:6:virtual void Screen6Presenter::deactivate()	0	static
../../TouchGFX/gui/include/gui/screen6_screen/Screen6Presenter.hpp:28:13:virtual Screen6Presenter::~Screen6Presenter()	8	static
C:/TouchGFXProjects/MyApplication_9/TouchGFX/gui/src/screen6_screen/Screen6Presenter.cpp:10:6:virtual void Screen6Presenter::activate()	0	static
C:/TouchGFXProjects/MyApplication_9/TouchGFX/gui/src/screen6_screen/Screen6Presenter.cpp:19:6:virtual void Screen6Presenter::changeScreen(uint8_t)	8	static
../../TouchGFX/gui/include/gui/screen6_screen/Screen6Presenter.hpp:28:13:virtual void* Screen6Presenter::_ZThn4_N16Screen6PresenterD1Ev()	0	static
C:/TouchGFXProjects/MyApplication_9/TouchGFX/gui/src/screen6_screen/Screen6Presenter.cpp:4:1:Screen6Presenter::Screen6Presenter(Screen6View&)	8	static
