../../TouchGFX/gui/include/gui/model/ModelListener.hpp:18:18:virtual void ModelListener::selectMeni1()	0	static
../../TouchGFX/gui/include/gui/model/ModelListener.hpp:19:18:virtual void ModelListener::selectMeni2()	0	static
../../TouchGFX/gui/include/gui/model/ModelListener.hpp:20:18:virtual void ModelListener::selectMeni3()	0	static
../../TouchGFX/gui/include/gui/model/ModelListener.hpp:21:18:virtual void ModelListener::selectMeni4()	0	static
../../TouchGFX/gui/include/gui/model/ModelListener.hpp:22:18:virtual void ModelListener::selectMeni5()	0	static
../../TouchGFX/gui/include/gui/screen5_screen/Screen5Presenter.hpp:28:13:Screen5Presenter::~Screen5Presenter()	0	static
C:/TouchGFXProjects/MyApplication_9/TouchGFX/gui/src/screen5_screen/Screen5Presenter.cpp:15:6:virtual void Screen5Presenter::deactivate()	0	static
../../TouchGFX/gui/include/gui/screen5_screen/Screen5Presenter.hpp:28:13:virtual Screen5Presenter::~Screen5Presenter()	8	static
C:/TouchGFXProjects/MyApplication_9/TouchGFX/gui/src/screen5_screen/Screen5Presenter.cpp:10:6:virtual void Screen5Presenter::activate()	0	static
C:/TouchGFXProjects/MyApplication_9/TouchGFX/gui/src/screen5_screen/Screen5Presenter.cpp:19:6:virtual void Screen5Presenter::changeScreen(uint8_t)	8	static
../../TouchGFX/gui/include/gui/screen5_screen/Screen5Presenter.hpp:28:13:virtual void* Screen5Presenter::_ZThn4_N16Screen5PresenterD1Ev()	0	static
C:/TouchGFXProjects/MyApplication_9/TouchGFX/gui/src/screen5_screen/Screen5Presenter.cpp:4:1:Screen5Presenter::Screen5Presenter(Screen5View&)	8	static
