C:/TouchGFXProjects/MyApplication_9/Core/Src/main.c:876:13:SPI5_Write	16	static
C:/TouchGFXProjects/MyApplication_9/Core/Src/main.c:983:6:Button_Task	8	static
C:/TouchGFXProjects/MyApplication_9/Core/Src/main.c:1002:13:TouchGFX_Task	8	static
C:/TouchGFXProjects/MyApplication_9/Core/Src/main.c:245:6:SystemClock_Config	96	static
C:/TouchGFXProjects/MyApplication_9/Core/Src/main.c:155:5:main	120	static
C:/TouchGFXProjects/MyApplication_9/Core/Src/main.c:720:6:IOE_Init	0	static
C:/TouchGFXProjects/MyApplication_9/Core/Src/main.c:729:6:IOE_ITConfig	0	static
C:/TouchGFXProjects/MyApplication_9/Core/Src/main.c:741:6:IOE_Write	32	static
C:/TouchGFXProjects/MyApplication_9/Core/Src/main.c:752:9:IOE_Read	32	static
C:/TouchGFXProjects/MyApplication_9/Core/Src/main.c:765:10:IOE_ReadMultiple	24	static
C:/TouchGFXProjects/MyApplication_9/Core/Src/main.c:774:6:IOE_Delay	0	static
C:/TouchGFXProjects/MyApplication_9/Core/Src/main.c:902:6:LCD_IO_Init	8	static
C:/TouchGFXProjects/MyApplication_9/Core/Src/main.c:912:6:LCD_IO_WriteData	16	static
C:/TouchGFXProjects/MyApplication_9/Core/Src/main.c:928:6:LCD_IO_WriteReg	16	static
C:/TouchGFXProjects/MyApplication_9/Core/Src/main.c:947:10:LCD_IO_ReadData	32	static
C:/TouchGFXProjects/MyApplication_9/Core/Src/main.c:974:6:LCD_Delay	0	static
C:/TouchGFXProjects/MyApplication_9/Core/Src/main.c:1021:6:HAL_TIM_PeriodElapsedCallback	0	static
C:/TouchGFXProjects/MyApplication_9/Core/Src/main.c:1038:6:Error_Handler	0	static
